WARNING: Using incubator modules: jdk.incubator.vector
Oct 07, 2026 1:18:15 PM org.apache.aries.spifly.BaseActivator log
INFO: Registered provider org.slf4j.simple.SimpleServiceProvider of service org.slf4j.spi.SLF4JServiceProvider in bundle slf4j.simple
____________________________
Welcome to Apache Felix Gogo

g! 
(java:5264): dbind-WARNING **: 13:18:18.559: AT-SPI: Error retrieving accessibility bus address: org.freedesktop.DBus.Error.ServiceUnknown: The name org.a11y.Bus was not provided by any .service files
"Framework is launched."


id	State       Bundle
198	STARTING    org.eclipse.jdt.debug.ui_3.15.500.v20260722-1406
g! g! "Framework is launched."


id	State       Bundle
198	ACTIVE      org.eclipse.jdt.debug.ui_3.15.500.v20260722-1406
g! org.eclipse.jdt.debug.ui [198]
  No resolution report for the bundle.
g! Bundle headers:
 Automatic-Module-Name = org.eclipse.jdt.debug.ui
 Build-Jdk-Spec = 21
 Bundle-ActivationPolicy = lazy
 Bundle-Activator = org.eclipse.jdt.internal.debug.ui.JDIDebugUIPlugin
 Bundle-Localization = plugin
 Bundle-ManifestVersion = 2
 Bundle-Name = JDI Debug UI
 Bundle-RequiredExecutionEnvironment = JavaSE-21
 Bundle-SymbolicName = org.eclipse.jdt.debug.ui; singleton:=true
 Bundle-Vendor = Eclipse.org
 Bundle-Version = 3.15.500.v20260722-1406
 Created-By = Maven Archiver 3.6.6
 Eclipse-SourceReferences = scm:git:https://github.com/eclipse-jdt/eclipse.jdt.debug.git;path="org.eclipse.jdt.debug.ui";commitId=718810093b3e5f8ac822171d2561e356df054276
 Export-Package = org.eclipse.jdt.debug.ui,org.eclipse.jdt.debug.ui.actions,org.eclipse.jdt.debug.ui.breakpoints,org.eclipse.jdt.debug.ui.console,org.eclipse.jdt.debug.ui.launchConfigurations,org.eclipse.jdt.internal.debug.core.refactoring;x-internal:=true,org.eclipse.jdt.internal.debug.ui;x-internal:=true,org.eclipse.jdt.internal.debug.ui.actions;x-friends:="org.eclipse.ant.ui",org.eclipse.jdt.internal.debug.ui.breakpoints;x-internal:=true,org.eclipse.jdt.internal.debug.ui.classpath;x-friends:="org.eclipse.ant.ui",org.eclipse.jdt.internal.debug.ui.console;x-internal:=true,org.eclipse.jdt.internal.debug.ui.contentassist;x-internal:=true,org.eclipse.jdt.internal.debug.ui.display;x-internal:=true,org.eclipse.jdt.internal.debug.ui.heapwalking;x-internal:=true,org.eclipse.jdt.internal.debug.ui.jres;x-friends:="org.eclipse.ant.ui",org.eclipse.jdt.internal.debug.ui.launcher;x-friends:="org.eclipse.ant.ui",org.eclipse.jdt.internal.debug.ui.monitors;x-internal:=true,org.eclipse.jdt.internal.debug.ui.propertypages;x-internal:=true,org.eclipse.jdt.internal.debug.ui.search;x-internal:=true,org.eclipse.jdt.internal.debug.ui.snippeteditor;x-friends:="org.eclipse.jdt.debug.tests",org.eclipse.jdt.internal.debug.ui.sourcelookup;x-internal:=true,org.eclipse.jdt.internal.debug.ui.threadgroups;x-internal:=true,org.eclipse.jdt.internal.debug.ui.variables;x-internal:=true
 Manifest-Version = 1.0
 Require-Bundle = org.eclipse.ui.ide;bundle-version="[3.5.0,4.0.0)",org.eclipse.jface;bundle-version="[3.21.0,4.0.0)",org.eclipse.jface.text;bundle-version="[3.5.0,4.0.0)",org.eclipse.ui.workbench.texteditor;bundle-version="[3.5.0,4.0.0)",org.eclipse.ui.editors;bundle-version="[3.5.0,4.0.0)",org.eclipse.ui;bundle-version="[3.5.0,4.0.0)",org.eclipse.core.filebuffers;bundle-version="[3.5.0,4.0.0)",org.eclipse.core.variables;bundle-version="[3.2.0,4.0.0)",org.eclipse.core.expressions;bundle-version="[3.4.0,4.0.0)",org.eclipse.jdt.core;bundle-version="[3.40.0,4.0.0)",org.eclipse.debug.ui;bundle-version="[3.13.400,4.0.0)",org.eclipse.jdt.debug;bundle-version="[3.23.0,4.0.0)",org.eclipse.jdt.launching;bundle-version="[3.23.0,4.0.0)",org.eclipse.jdt.ui;bundle-version="[3.33.0,4.0.0)",org.eclipse.core.runtime;bundle-version="[3.30.0,4.0.0)",org.eclipse.ltk.core.refactoring;bundle-version="[3.5.0,4.0.0)",org.eclipse.ui.console;bundle-version="[3.4.0,4.0.0)",org.eclipse.jdt.core.manipulation;bundle-version="[1.16.0,2.0.0)",org.eclipse.search;bundle-version="[3.5.0,4.0.0)",org.eclipse.ui.forms;bundle-version="[3.4.0,4.0.0)",org.eclipse.core.resources,org.eclipse.debug.core;bundle-version="[3.22.0,4.0.0)",org.eclipse.compare
 Require-Capability = eclipse.swt;filter:="(image.format=svg)"




g! gosh: stopping shell
